
> manufacturing-logistics@0.0.0 start
> ng serve --host 127.0.0.1 --port 4201

[33m>[39m Building...
[32m√[39m Building...
[1mInitial chunk files[22m[2m | [22m[1mNames[22m                           [2m | [22m [1mRaw size[22m
[32mpolyfills.js[39m       [2m | [22m[2mpolyfills[22m                       [2m | [22m [36m89.77 kB[39m[2m | [22m
[32mstyles.css[39m         [2m | [22m[2mstyles[22m                          [2m | [22m [36m18.71 kB[39m[2m | [22m
[32mmain.js[39m            [2m | [22m[2mmain[22m                            [2m | [22m  [36m7.01 kB[39m[2m | [22m
[32mchunk-4LKHFLCL.js[39m  [2m | [22m[2m-[22m                               [2m | [22m  [36m2.12 kB[39m[2m | [22m
[32mchunk-CZJLB7T5.js[39m  [2m | [22m[2m-[22m                               [2m | [22m  [36m1.08 kB[39m[2m | [22m

[1m [22m                  [2m | [22m[1mInitial total[22m                   [2m | [22m[1m118.68 kB[22m

[1mLazy chunk files[22m   [2m | [22m[1mNames[22m                           [2m | [22m [1mRaw size[22m
[32mchunk-QNNV5UTI.js[39m  [2m | [22m[2mdc-receiving-page-component[22m     [2m | [22m[36m116.14 kB[39m[2m | [22m
[32mchunk-BE6HQBCK.js[39m  [2m | [22m[2mprocurement-page-component[22m      [2m | [22m[36m111.08 kB[39m[2m | [22m
[32mchunk-ZYNRNJDR.js[39m  [2m | [22m[2mmain-layout-component[22m           [2m | [22m [36m75.16 kB[39m[2m | [22m
[32mchunk-GA4KPE2E.js[39m  [2m | [22m[2mdispatch-page-component[22m         [2m | [22m [36m73.09 kB[39m[2m | [22m
[32mchunk-AP5ZYBRS.js[39m  [2m | [22m[2mdashboard-page-component[22m        [2m | [22m [36m46.23 kB[39m[2m | [22m
[32mchunk-SF2HQHK2.js[39m  [2m | [22m[2mlogin-component[22m                 [2m | [22m [36m30.48 kB[39m[2m | [22m
[32mchunk-SEMT34XK.js[39m  [2m | [22m[2mupdate-supplier[22m                 [2m | [22m [36m15.33 kB[39m[2m | [22m
[32mchunk-UHOLOE77.js[39m  [2m | [22m[2m-[22m                               [2m | [22m [36m15.28 kB[39m[2m | [22m
[32mchunk-3YPW5NVQ.js[39m  [2m | [22m[2madd-supplier[22m                    [2m | [22m [36m13.26 kB[39m[2m | [22m
[32mchunk-H4KSPRNP.js[39m  [2m | [22m[2mtransfers-page-component[22m        [2m | [22m [36m12.10 kB[39m[2m | [22m
[32mchunk-OSRRPMNW.js[39m  [2m | [22m[2mfilter-supplier-with-cityname[22m   [2m | [22m [36m11.99 kB[39m[2m | [22m
[32mchunk-KVNFK434.js[39m  [2m | [22m[2mstock-list-page-component[22m       [2m | [22m [36m11.38 kB[39m[2m | [22m
[32mchunk-XNEXAUHB.js[39m  [2m | [22m[2madjustments-page-component[22m      [2m | [22m [36m10.54 kB[39m[2m | [22m
[32mchunk-OYAMFDYZ.js[39m  [2m | [22m[2minventory-reports-page-component[22m[2m | [22m  [36m9.88 kB[39m[2m | [22m
[32mchunk-NBPF7NXF.js[39m  [2m | [22m[2mcycle-count-page-component[22m      [2m | [22m  [36m9.77 kB[39m[2m | [22m
[2m...and 17 more lazy chunks files. Use "--verbose" to show all the files.[22m

Application bundle generation complete. [7.110 seconds]

Watch mode enabled. Watching for file changes...
NOTE: Raw file sizes do not reflect development server per-request transformations.
  [32m➜[39m  [1mLocal[22m:   [36mhttp://127.0.0.1:[1m4201[22m/[39m
[33m>[39m Changes detected. Rebuilding...
[32m√[39m Changes detected. Rebuilding...
[1mInitial chunk files[22m[2m | [22m[1mNames[22m                        [2m | [22m[1mRaw size[22m
[32mmain.js[39m            [2m | [22m[2mmain[22m                         [2m | [22m [36m7.01 kB[39m[2m | [22m

[1mLazy chunk files[22m   [2m | [22m[1mNames[22m                        [2m | [22m[1mRaw size[22m
[32mchunk-55JFAIGM.js[39m  [2m | [22m[2mupdate-supplier[22m              [2m | [22m[36m15.33 kB[39m[2m | [22m
[32mchunk-ENILIIUT.js[39m  [2m | [22m[2mfind-supplier-withid[22m         [2m | [22m[36m13.46 kB[39m[2m | [22m
[32mchunk-QMOJSH7Q.js[39m  [2m | [22m[2madd-supplier[22m                 [2m | [22m[36m13.26 kB[39m[2m | [22m
[32mchunk-AULI5KCP.js[39m  [2m | [22m[2mfilter-supplier-with-cityname[22m[2m | [22m[36m11.99 kB[39m[2m | [22m
[32mchunk-DCXM2XGW.js[39m  [2m | [22m[2mfind-allsupplier[22m             [2m | [22m [36m9.42 kB[39m[2m | [22m
[32mchunk-RNQSKODP.js[39m  [2m | [22m[2m-[22m                            [2m | [22m [36m7.59 kB[39m[2m | [22m

Application bundle generation complete. [8.118 seconds]

Page reload sent to client(s).
[33m>[39m Changes detected. Rebuilding...
[32m√[39m Changes detected. Rebuilding...
[1mInitial chunk files[22m[2m | [22m[1mNames[22m                        [2m | [22m[1mRaw size[22m
[32mmain.js[39m            [2m | [22m[2mmain[22m                         [2m | [22m [36m7.01 kB[39m[2m | [22m

[1mLazy chunk files[22m   [2m | [22m[1mNames[22m                        [2m | [22m[1mRaw size[22m
[32mchunk-B7HVK6VO.js[39m  [2m | [22m[2mupdate-supplier[22m              [2m | [22m[36m15.33 kB[39m[2m | [22m
[32mchunk-OZ5VUKEG.js[39m  [2m | [22m[2mfind-supplier-withid[22m         [2m | [22m[36m13.46 kB[39m[2m | [22m
[32mchunk-OFJ6GT4B.js[39m  [2m | [22m[2madd-supplier[22m                 [2m | [22m[36m13.26 kB[39m[2m | [22m
[32mchunk-OXLXKPAL.js[39m  [2m | [22m[2mfilter-supplier-with-cityname[22m[2m | [22m[36m11.99 kB[39m[2m | [22m
[32mchunk-H5V6NOIR.js[39m  [2m | [22m[2mfind-allsupplier[22m             [2m | [22m [36m9.42 kB[39m[2m | [22m
[32mchunk-LNMSN7UU.js[39m  [2m | [22m[2m-[22m                            [2m | [22m [36m7.59 kB[39m[2m | [22m

Application bundle generation complete. [0.604 seconds]

Page reload sent to client(s).
[33m>[39m Changes detected. Rebuilding...
[32m√[39m Changes detected. Rebuilding...
Application bundle generation failed. [2.905 seconds]

[33m>[39m Changes detected. Rebuilding...
[32m√[39m Changes detected. Rebuilding...
[1mInitial chunk files[22m[2m | [22m[1mNames[22m                           [2m | [22m [1mRaw size[22m
[32mpolyfills.js[39m       [2m | [22m[2mpolyfills[22m                       [2m | [22m [36m89.77 kB[39m[2m | [22m
[32mstyles.css[39m         [2m | [22m[2mstyles[22m                          [2m | [22m [36m18.71 kB[39m[2m | [22m
[32mmain.js[39m            [2m | [22m[2mmain[22m                            [2m | [22m  [36m6.84 kB[39m[2m | [22m
[32mchunk-4LKHFLCL.js[39m  [2m | [22m[2m-[22m                               [2m | [22m  [36m2.12 kB[39m[2m | [22m
[32mchunk-CZJLB7T5.js[39m  [2m | [22m[2m-[22m                               [2m | [22m  [36m1.08 kB[39m[2m | [22m

[1m [22m                  [2m | [22m[1mInitial total[22m                   [2m | [22m[1m118.52 kB[22m

[1mLazy chunk files[22m   [2m | [22m[1mNames[22m                           [2m | [22m [1mRaw size[22m
[32mchunk-QNNV5UTI.js[39m  [2m | [22m[2mdc-receiving-page-component[22m     [2m | [22m[36m116.14 kB[39m[2m | [22m
[32mchunk-BE6HQBCK.js[39m  [2m | [22m[2mprocurement-page-component[22m      [2m | [22m[36m111.08 kB[39m[2m | [22m
[32mchunk-ZYNRNJDR.js[39m  [2m | [22m[2mmain-layout-component[22m           [2m | [22m [36m75.16 kB[39m[2m | [22m
[32mchunk-GA4KPE2E.js[39m  [2m | [22m[2mdispatch-page-component[22m         [2m | [22m [36m73.09 kB[39m[2m | [22m
[32mchunk-AP5ZYBRS.js[39m  [2m | [22m[2mdashboard-page-component[22m        [2m | [22m [36m46.23 kB[39m[2m | [22m
[32mchunk-SF2HQHK2.js[39m  [2m | [22m[2mlogin-component[22m                 [2m | [22m [36m30.48 kB[39m[2m | [22m
[32mchunk-B7HVK6VO.js[39m  [2m | [22m[2mupdate-supplier[22m                 [2m | [22m [36m15.33 kB[39m[2m | [22m
[32mchunk-UHOLOE77.js[39m  [2m | [22m[2m-[22m                               [2m | [22m [36m15.28 kB[39m[2m | [22m
[32mchunk-OZ5VUKEG.js[39m  [2m | [22m[2mfind-supplier-withid[22m            [2m | [22m [36m13.46 kB[39m[2m | [22m
[32mchunk-OFJ6GT4B.js[39m  [2m | [22m[2madd-supplier[22m                    [2m | [22m [36m13.26 kB[39m[2m | [22m
[32mchunk-H4KSPRNP.js[39m  [2m | [22m[2mtransfers-page-component[22m        [2m | [22m [36m12.10 kB[39m[2m | [22m
[32mchunk-OXLXKPAL.js[39m  [2m | [22m[2mfilter-supplier-with-cityname[22m   [2m | [22m [36m11.99 kB[39m[2m | [22m
[32mchunk-KVNFK434.js[39m  [2m | [22m[2mstock-list-page-component[22m       [2m | [22m [36m11.38 kB[39m[2m | [22m
[32mchunk-XNEXAUHB.js[39m  [2m | [22m[2madjustments-page-component[22m      [2m | [22m [36m10.54 kB[39m[2m | [22m
[32mchunk-OYAMFDYZ.js[39m  [2m | [22m[2minventory-reports-page-component[22m[2m | [22m  [36m9.88 kB[39m[2m | [22m
[2m...and 16 more lazy chunks files. Use "--verbose" to show all the files.[22m

Application bundle generation complete. [4.053 seconds]

Page reload sent to client(s).
[33m>[39m Changes detected. Rebuilding...
[32m√[39m Changes detected. Rebuilding...
Application bundle generation failed. [1.075 seconds]

[33m>[39m Changes detected. Rebuilding...
[32m√[39m Changes detected. Rebuilding...
[1mInitial chunk files[22m[2m | [22m[1mNames[22m                           [2m | [22m [1mRaw size[22m
[32mpolyfills.js[39m       [2m | [22m[2mpolyfills[22m                       [2m | [22m [36m89.77 kB[39m[2m | [22m
[32mstyles.css[39m         [2m | [22m[2mstyles[22m                          [2m | [22m [36m18.71 kB[39m[2m | [22m
[32mmain.js[39m            [2m | [22m[2mmain[22m                            [2m | [22m  [36m6.84 kB[39m[2m | [22m
[32mchunk-4LKHFLCL.js[39m  [2m | [22m[2m-[22m                               [2m | [22m  [36m2.12 kB[39m[2m | [22m
[32mchunk-CZJLB7T5.js[39m  [2m | [22m[2m-[22m                               [2m | [22m  [36m1.08 kB[39m[2m | [22m

[1m [22m                  [2m | [22m[1mInitial total[22m                   [2m | [22m[1m118.52 kB[22m

[1mLazy chunk files[22m   [2m | [22m[1mNames[22m                           [2m | [22m [1mRaw size[22m
[32mchunk-QNNV5UTI.js[39m  [2m | [22m[2mdc-receiving-page-component[22m     [2m | [22m[36m116.14 kB[39m[2m | [22m
[32mchunk-BE6HQBCK.js[39m  [2m | [22m[2mprocurement-page-component[22m      [2m | [22m[36m111.08 kB[39m[2m | [22m
[32mchunk-ZYNRNJDR.js[39m  [2m | [22m[2mmain-layout-component[22m           [2m | [22m [36m75.16 kB[39m[2m | [22m
[32mchunk-GA4KPE2E.js[39m  [2m | [22m[2mdispatch-page-component[22m         [2m | [22m [36m73.09 kB[39m[2m | [22m
[32mchunk-AP5ZYBRS.js[39m  [2m | [22m[2mdashboard-page-component[22m        [2m | [22m [36m46.23 kB[39m[2m | [22m
[32mchunk-SF2HQHK2.js[39m  [2m | [22m[2mlogin-component[22m                 [2m | [22m [36m30.48 kB[39m[2m | [22m
[32mchunk-B7HVK6VO.js[39m  [2m | [22m[2mupdate-supplier[22m                 [2m | [22m [36m15.33 kB[39m[2m | [22m
[32mchunk-UHOLOE77.js[39m  [2m | [22m[2m-[22m                               [2m | [22m [36m15.28 kB[39m[2m | [22m
[32mchunk-OZ5VUKEG.js[39m  [2m | [22m[2mfind-supplier-withid[22m            [2m | [22m [36m13.46 kB[39m[2m | [22m
[32mchunk-OFJ6GT4B.js[39m  [2m | [22m[2madd-supplier[22m                    [2m | [22m [36m13.26 kB[39m[2m | [22m
[32mchunk-H4KSPRNP.js[39m  [2m | [22m[2mtransfers-page-component[22m        [2m | [22m [36m12.10 kB[39m[2m | [22m
[32mchunk-OXLXKPAL.js[39m  [2m | [22m[2mfilter-supplier-with-cityname[22m   [2m | [22m [36m11.99 kB[39m[2m | [22m
[32mchunk-KVNFK434.js[39m  [2m | [22m[2mstock-list-page-component[22m       [2m | [22m [36m11.38 kB[39m[2m | [22m
[32mchunk-XNEXAUHB.js[39m  [2m | [22m[2madjustments-page-component[22m      [2m | [22m [36m10.54 kB[39m[2m | [22m
[32mchunk-OYAMFDYZ.js[39m  [2m | [22m[2minventory-reports-page-component[22m[2m | [22m  [36m9.88 kB[39m[2m | [22m
[2m...and 16 more lazy chunks files. Use "--verbose" to show all the files.[22m

Application bundle generation complete. [0.792 seconds]

Page reload sent to client(s).
[33m>[39m Changes detected. Rebuilding...
[32m√[39m Changes detected. Rebuilding...
[1mInitial chunk files[22m[2m | [22m[1mNames[22m                           [2m | [22m [1mRaw size[22m
[32mpolyfills.js[39m       [2m | [22m[2mpolyfills[22m                       [2m | [22m [36m89.77 kB[39m[2m | [22m
[32mstyles.css[39m         [2m | [22m[2mstyles[22m                          [2m | [22m [36m18.71 kB[39m[2m | [22m
[32mmain.js[39m            [2m | [22m[2mmain[22m                            [2m | [22m  [36m6.84 kB[39m[2m | [22m
[32mchunk-4LKHFLCL.js[39m  [2m | [22m[2m-[22m                               [2m | [22m  [36m2.12 kB[39m[2m | [22m
[32mchunk-CZJLB7T5.js[39m  [2m | [22m[2m-[22m                               [2m | [22m  [36m1.08 kB[39m[2m | [22m

[1m [22m                  [2m | [22m[1mInitial total[22m                   [2m | [22m[1m118.52 kB[22m

[1mLazy chunk files[22m   [2m | [22m[1mNames[22m                           [2m | [22m [1mRaw size[22m
[32mchunk-QNNV5UTI.js[39m  [2m | [22m[2mdc-receiving-page-component[22m     [2m | [22m[36m116.14 kB[39m[2m | [22m
[32mchunk-BE6HQBCK.js[39m  [2m | [22m[2mprocurement-page-component[22m      [2m | [22m[36m111.08 kB[39m[2m | [22m
[32mchunk-ZYNRNJDR.js[39m  [2m | [22m[2mmain-layout-component[22m           [2m | [22m [36m75.16 kB[39m[2m | [22m
[32mchunk-GA4KPE2E.js[39m  [2m | [22m[2mdispatch-page-component[22m         [2m | [22m [36m73.09 kB[39m[2m | [22m
[32mchunk-AP5ZYBRS.js[39m  [2m | [22m[2mdashboard-page-component[22m        [2m | [22m [36m46.23 kB[39m[2m | [22m
[32mchunk-SF2HQHK2.js[39m  [2m | [22m[2mlogin-component[22m                 [2m | [22m [36m30.48 kB[39m[2m | [22m
[32mchunk-B7HVK6VO.js[39m  [2m | [22m[2mupdate-supplier[22m                 [2m | [22m [36m15.33 kB[39m[2m | [22m
[32mchunk-UHOLOE77.js[39m  [2m | [22m[2m-[22m                               [2m | [22m [36m15.28 kB[39m[2m | [22m
[32mchunk-OZ5VUKEG.js[39m  [2m | [22m[2mfind-supplier-withid[22m            [2m | [22m [36m13.46 kB[39m[2m | [22m
[32mchunk-OFJ6GT4B.js[39m  [2m | [22m[2madd-supplier[22m                    [2m | [22m [36m13.26 kB[39m[2m | [22m
[32mchunk-H4KSPRNP.js[39m  [2m | [22m[2mtransfers-page-component[22m        [2m | [22m [36m12.10 kB[39m[2m | [22m
[32mchunk-OXLXKPAL.js[39m  [2m | [22m[2mfilter-supplier-with-cityname[22m   [2m | [22m [36m11.99 kB[39m[2m | [22m
[32mchunk-KVNFK434.js[39m  [2m | [22m[2mstock-list-page-component[22m       [2m | [22m [36m11.38 kB[39m[2m | [22m
[32mchunk-XNEXAUHB.js[39m  [2m | [22m[2madjustments-page-component[22m      [2m | [22m [36m10.54 kB[39m[2m | [22m
[32mchunk-OYAMFDYZ.js[39m  [2m | [22m[2minventory-reports-page-component[22m[2m | [22m  [36m9.88 kB[39m[2m | [22m
[2m...and 16 more lazy chunks files. Use "--verbose" to show all the files.[22m

Application bundle generation complete. [1.411 seconds]

[33m>[39m Changes detected. Rebuilding...
[32m√[39m Changes detected. Rebuilding...
[1mInitial chunk files[22m[2m | [22m[1mNames[22m                [2m | [22m[1mRaw size[22m
[32mmain.js[39m            [2m | [22m[2mmain[22m                 [2m | [22m [36m6.84 kB[39m[2m | [22m

[1mLazy chunk files[22m   [2m | [22m[1mNames[22m                [2m | [22m[1mRaw size[22m
[32mchunk-6KGZUYDR.js[39m  [2m | [22m[2mmain-layout-component[22m[2m | [22m[36m75.17 kB[39m[2m | [22m

Application bundle generation complete. [3.298 seconds]

Page reload sent to client(s).
[33m>[39m Changes detected. Rebuilding...
[32m√[39m Changes detected. Rebuilding...
[1mInitial chunk files[22m[2m | [22m[1mNames[22m               [2m | [22m[1mRaw size[22m
[32mmain.js[39m            [2m | [22m[2mmain[22m                [2m | [22m [36m6.84 kB[39m[2m | [22m

[1mLazy chunk files[22m   [2m | [22m[1mNames[22m               [2m | [22m[1mRaw size[22m
[32mchunk-ZHGYHBNE.js[39m  [2m | [22m[2mfind-supplier-withid[22m[2m | [22m[36m13.49 kB[39m[2m | [22m

Application bundle generation complete. [3.774 seconds]

Component update sent to client(s).
[33m>[39m Changes detected. Rebuilding...
[32m√[39m Changes detected. Rebuilding...
[1mInitial chunk files[22m[2m | [22m[1mNames[22m                        [2m | [22m[1mRaw size[22m
[32mmain.js[39m            [2m | [22m[2mmain[22m                         [2m | [22m [36m6.84 kB[39m[2m | [22m

[1mLazy chunk files[22m   [2m | [22m[1mNames[22m                        [2m | [22m[1mRaw size[22m
[32mchunk-ZJ7YBQQZ.js[39m  [2m | [22m[2mfilter-supplier-with-cityname[22m[2m | [22m[36m12.01 kB[39m[2m | [22m

Application bundle generation complete. [1.059 seconds]

Component update sent to client(s).
[33m>[39m Changes detected. Rebuilding...
[32m√[39m Changes detected. Rebuilding...
[1mInitial chunk files[22m[2m | [22m[1mNames[22m           [2m | [22m[1mRaw size[22m
[32mmain.js[39m            [2m | [22m[2mmain[22m            [2m | [22m [36m6.84 kB[39m[2m | [22m

[1mLazy chunk files[22m   [2m | [22m[1mNames[22m           [2m | [22m[1mRaw size[22m
[32mchunk-6MI6BW3F.js[39m  [2m | [22m[2mfind-allsupplier[22m[2m | [22m [36m9.43 kB[39m[2m | [22m

Application bundle generation complete. [2.739 seconds]

Component update sent to client(s).
[33m>[39m Changes detected. Rebuilding...
[32m√[39m Changes detected. Rebuilding...
[1mInitial chunk files[22m[2m | [22m[1mNames[22m                           [2m | [22m [1mRaw size[22m
[32mpolyfills.js[39m       [2m | [22m[2mpolyfills[22m                       [2m | [22m [36m89.77 kB[39m[2m | [22m
[32mstyles.css[39m         [2m | [22m[2mstyles[22m                          [2m | [22m [36m18.71 kB[39m[2m | [22m
[32mmain.js[39m            [2m | [22m[2mmain[22m                            [2m | [22m  [36m6.84 kB[39m[2m | [22m
[32mchunk-4LKHFLCL.js[39m  [2m | [22m[2m-[22m                               [2m | [22m  [36m2.12 kB[39m[2m | [22m
[32mchunk-CZJLB7T5.js[39m  [2m | [22m[2m-[22m                               [2m | [22m  [36m1.08 kB[39m[2m | [22m

[1m [22m                  [2m | [22m[1mInitial total[22m                   [2m | [22m[1m118.52 kB[22m

[1mLazy chunk files[22m   [2m | [22m[1mNames[22m                           [2m | [22m [1mRaw size[22m
[32mchunk-QNNV5UTI.js[39m  [2m | [22m[2mdc-receiving-page-component[22m     [2m | [22m[36m116.14 kB[39m[2m | [22m
[32mchunk-BE6HQBCK.js[39m  [2m | [22m[2mprocurement-page-component[22m      [2m | [22m[36m111.08 kB[39m[2m | [22m
[32mchunk-6KGZUYDR.js[39m  [2m | [22m[2mmain-layout-component[22m           [2m | [22m [36m75.17 kB[39m[2m | [22m
[32mchunk-GA4KPE2E.js[39m  [2m | [22m[2mdispatch-page-component[22m         [2m | [22m [36m73.09 kB[39m[2m | [22m
[32mchunk-AP5ZYBRS.js[39m  [2m | [22m[2mdashboard-page-component[22m        [2m | [22m [36m46.23 kB[39m[2m | [22m
[32mchunk-SF2HQHK2.js[39m  [2m | [22m[2mlogin-component[22m                 [2m | [22m [36m30.48 kB[39m[2m | [22m
[32mchunk-B7HVK6VO.js[39m  [2m | [22m[2mupdate-supplier[22m                 [2m | [22m [36m15.33 kB[39m[2m | [22m
[32mchunk-UHOLOE77.js[39m  [2m | [22m[2m-[22m                               [2m | [22m [36m15.28 kB[39m[2m | [22m
[32mchunk-ZHGYHBNE.js[39m  [2m | [22m[2mfind-supplier-withid[22m            [2m | [22m [36m13.49 kB[39m[2m | [22m
[32mchunk-OFJ6GT4B.js[39m  [2m | [22m[2madd-supplier[22m                    [2m | [22m [36m13.26 kB[39m[2m | [22m
[32mchunk-H4KSPRNP.js[39m  [2m | [22m[2mtransfers-page-component[22m        [2m | [22m [36m12.10 kB[39m[2m | [22m
[32mchunk-ZJ7YBQQZ.js[39m  [2m | [22m[2mfilter-supplier-with-cityname[22m   [2m | [22m [36m12.01 kB[39m[2m | [22m
[32mchunk-KVNFK434.js[39m  [2m | [22m[2mstock-list-page-component[22m       [2m | [22m [36m11.38 kB[39m[2m | [22m
[32mchunk-XNEXAUHB.js[39m  [2m | [22m[2madjustments-page-component[22m      [2m | [22m [36m10.54 kB[39m[2m | [22m
[32mchunk-OYAMFDYZ.js[39m  [2m | [22m[2minventory-reports-page-component[22m[2m | [22m  [36m9.88 kB[39m[2m | [22m
[2m...and 16 more lazy chunks files. Use "--verbose" to show all the files.[22m

Application bundle generation complete. [0.518 seconds]

Component update sent to client(s).
[33m>[39m Changes detected. Rebuilding...
[32m√[39m Changes detected. Rebuilding...
[1mInitial chunk files[22m[2m | [22m[1mNames[22m           [2m | [22m[1mRaw size[22m
[32mmain.js[39m            [2m | [22m[2mmain[22m            [2m | [22m [36m6.84 kB[39m[2m | [22m

[1mLazy chunk files[22m   [2m | [22m[1mNames[22m           [2m | [22m[1mRaw size[22m
[32mchunk-7KRMGOAO.js[39m  [2m | [22m[2mfind-allsupplier[22m[2m | [22m [36m9.46 kB[39m[2m | [22m

Application bundle generation complete. [0.997 seconds]

Component update sent to client(s).
[33m>[39m Changes detected. Rebuilding...
[32m√[39m Changes detected. Rebuilding...
[1mInitial chunk files[22m[2m | [22m[1mNames[22m               [2m | [22m[1mRaw size[22m
[32mmain.js[39m            [2m | [22m[2mmain[22m                [2m | [22m [36m6.84 kB[39m[2m | [22m

[1mLazy chunk files[22m   [2m | [22m[1mNames[22m               [2m | [22m[1mRaw size[22m
[32mchunk-5LTO63QB.js[39m  [2m | [22m[2mfind-supplier-withid[22m[2m | [22m[36m13.51 kB[39m[2m | [22m

Application bundle generation complete. [0.616 seconds]

Component update sent to client(s).
[33m>[39m Changes detected. Rebuilding...
[32m√[39m Changes detected. Rebuilding...
[1mInitial chunk files[22m[2m | [22m[1mNames[22m                           [2m | [22m [1mRaw size[22m
[32mpolyfills.js[39m       [2m | [22m[2mpolyfills[22m                       [2m | [22m [36m89.77 kB[39m[2m | [22m
[32mstyles.css[39m         [2m | [22m[2mstyles[22m                          [2m | [22m [36m18.71 kB[39m[2m | [22m
[32mmain.js[39m            [2m | [22m[2mmain[22m                            [2m | [22m  [36m6.84 kB[39m[2m | [22m
[32mchunk-4LKHFLCL.js[39m  [2m | [22m[2m-[22m                               [2m | [22m  [36m2.12 kB[39m[2m | [22m
[32mchunk-CZJLB7T5.js[39m  [2m | [22m[2m-[22m                               [2m | [22m  [36m1.08 kB[39m[2m | [22m

[1m [22m                  [2m | [22m[1mInitial total[22m                   [2m | [22m[1m118.52 kB[22m

[1mLazy chunk files[22m   [2m | [22m[1mNames[22m                           [2m | [22m [1mRaw size[22m
[32mchunk-QNNV5UTI.js[39m  [2m | [22m[2mdc-receiving-page-component[22m     [2m | [22m[36m116.14 kB[39m[2m | [22m
[32mchunk-BE6HQBCK.js[39m  [2m | [22m[2mprocurement-page-component[22m      [2m | [22m[36m111.08 kB[39m[2m | [22m
[32mchunk-6KGZUYDR.js[39m  [2m | [22m[2mmain-layout-component[22m           [2m | [22m [36m75.17 kB[39m[2m | [22m
[32mchunk-GA4KPE2E.js[39m  [2m | [22m[2mdispatch-page-component[22m         [2m | [22m [36m73.09 kB[39m[2m | [22m
[32mchunk-AP5ZYBRS.js[39m  [2m | [22m[2mdashboard-page-component[22m        [2m | [22m [36m46.23 kB[39m[2m | [22m
[32mchunk-SF2HQHK2.js[39m  [2m | [22m[2mlogin-component[22m                 [2m | [22m [36m30.48 kB[39m[2m | [22m
[32mchunk-B7HVK6VO.js[39m  [2m | [22m[2mupdate-supplier[22m                 [2m | [22m [36m15.33 kB[39m[2m | [22m
[32mchunk-UHOLOE77.js[39m  [2m | [22m[2m-[22m                               [2m | [22m [36m15.28 kB[39m[2m | [22m
[32mchunk-5LTO63QB.js[39m  [2m | [22m[2mfind-supplier-withid[22m            [2m | [22m [36m13.51 kB[39m[2m | [22m
[32mchunk-OFJ6GT4B.js[39m  [2m | [22m[2madd-supplier[22m                    [2m | [22m [36m13.26 kB[39m[2m | [22m
[32mchunk-H4KSPRNP.js[39m  [2m | [22m[2mtransfers-page-component[22m        [2m | [22m [36m12.10 kB[39m[2m | [22m
[32mchunk-ZJ7YBQQZ.js[39m  [2m | [22m[2mfilter-supplier-with-cityname[22m   [2m | [22m [36m12.01 kB[39m[2m | [22m
[32mchunk-KVNFK434.js[39m  [2m | [22m[2mstock-list-page-component[22m       [2m | [22m [36m11.38 kB[39m[2m | [22m
[32mchunk-XNEXAUHB.js[39m  [2m | [22m[2madjustments-page-component[22m      [2m | [22m [36m10.54 kB[39m[2m | [22m
[32mchunk-OYAMFDYZ.js[39m  [2m | [22m[2minventory-reports-page-component[22m[2m | [22m  [36m9.88 kB[39m[2m | [22m
[2m...and 16 more lazy chunks files. Use "--verbose" to show all the files.[22m

Application bundle generation complete. [0.556 seconds]

Component update sent to client(s).
[33m>[39m Changes detected. Rebuilding...
[32m√[39m Changes detected. Rebuilding...
[1mInitial chunk files[22m[2m | [22m[1mNames[22m                        [2m | [22m[1mRaw size[22m
[32mmain.js[39m            [2m | [22m[2mmain[22m                         [2m | [22m [36m6.84 kB[39m[2m | [22m

[1mLazy chunk files[22m   [2m | [22m[1mNames[22m                        [2m | [22m[1mRaw size[22m
[32mchunk-VNCTE2OD.js[39m  [2m | [22m[2mfilter-supplier-with-cityname[22m[2m | [22m[36m12.03 kB[39m[2m | [22m

Application bundle generation complete. [0.386 seconds]

Component update sent to client(s).
[33m>[39m Changes detected. Rebuilding...
[32m√[39m Changes detected. Rebuilding...
[1mInitial chunk files[22m[2m | [22m[1mNames[22m                           [2m | [22m [1mRaw size[22m
[32mpolyfills.js[39m       [2m | [22m[2mpolyfills[22m                       [2m | [22m [36m89.77 kB[39m[2m | [22m
[32mstyles.css[39m         [2m | [22m[2mstyles[22m                          [2m | [22m [36m18.71 kB[39m[2m | [22m
[32mmain.js[39m            [2m | [22m[2mmain[22m                            [2m | [22m  [36m6.84 kB[39m[2m | [22m
[32mchunk-4LKHFLCL.js[39m  [2m | [22m[2m-[22m                               [2m | [22m  [36m2.12 kB[39m[2m | [22m
[32mchunk-CZJLB7T5.js[39m  [2m | [22m[2m-[22m                               [2m | [22m  [36m1.08 kB[39m[2m | [22m

[1m [22m                  [2m | [22m[1mInitial total[22m                   [2m | [22m[1m118.52 kB[22m

[1mLazy chunk files[22m   [2m | [22m[1mNames[22m                           [2m | [22m [1mRaw size[22m
[32mchunk-QNNV5UTI.js[39m  [2m | [22m[2mdc-receiving-page-component[22m     [2m | [22m[36m116.14 kB[39m[2m | [22m
[32mchunk-BE6HQBCK.js[39m  [2m | [22m[2mprocurement-page-component[22m      [2m | [22m[36m111.08 kB[39m[2m | [22m
[32mchunk-6KGZUYDR.js[39m  [2m | [22m[2mmain-layout-component[22m           [2m | [22m [36m75.17 kB[39m[2m | [22m
[32mchunk-GA4KPE2E.js[39m  [2m | [22m[2mdispatch-page-component[22m         [2m | [22m [36m73.09 kB[39m[2m | [22m
[32mchunk-AP5ZYBRS.js[39m  [2m | [22m[2mdashboard-page-component[22m        [2m | [22m [36m46.23 kB[39m[2m | [22m
[32mchunk-SF2HQHK2.js[39m  [2m | [22m[2mlogin-component[22m                 [2m | [22m [36m30.48 kB[39m[2m | [22m
[32mchunk-B7HVK6VO.js[39m  [2m | [22m[2mupdate-supplier[22m                 [2m | [22m [36m15.33 kB[39m[2m | [22m
[32mchunk-UHOLOE77.js[39m  [2m | [22m[2m-[22m                               [2m | [22m [36m15.28 kB[39m[2m | [22m
[32mchunk-5LTO63QB.js[39m  [2m | [22m[2mfind-supplier-withid[22m            [2m | [22m [36m13.51 kB[39m[2m | [22m
[32mchunk-OFJ6GT4B.js[39m  [2m | [22m[2madd-supplier[22m                    [2m | [22m [36m13.26 kB[39m[2m | [22m
[32mchunk-H4KSPRNP.js[39m  [2m | [22m[2mtransfers-page-component[22m        [2m | [22m [36m12.10 kB[39m[2m | [22m
[32mchunk-VNCTE2OD.js[39m  [2m | [22m[2mfilter-supplier-with-cityname[22m   [2m | [22m [36m12.03 kB[39m[2m | [22m
[32mchunk-KVNFK434.js[39m  [2m | [22m[2mstock-list-page-component[22m       [2m | [22m [36m11.38 kB[39m[2m | [22m
[32mchunk-XNEXAUHB.js[39m  [2m | [22m[2madjustments-page-component[22m      [2m | [22m [36m10.54 kB[39m[2m | [22m
[32mchunk-OYAMFDYZ.js[39m  [2m | [22m[2minventory-reports-page-component[22m[2m | [22m  [36m9.88 kB[39m[2m | [22m
[2m...and 16 more lazy chunks files. Use "--verbose" to show all the files.[22m

Application bundle generation complete. [0.429 seconds]

Component update sent to client(s).
[33m>[39m Changes detected. Rebuilding...
[32m√[39m Changes detected. Rebuilding...
[1mInitial chunk files[22m[2m | [22m[1mNames[22m                        [2m | [22m[1mRaw size[22m
[32mmain.js[39m            [2m | [22m[2mmain[22m                         [2m | [22m [36m6.84 kB[39m[2m | [22m

[1mLazy chunk files[22m   [2m | [22m[1mNames[22m                        [2m | [22m[1mRaw size[22m
[32mchunk-E62ONMX7.js[39m  [2m | [22m[2mfilter-supplier-with-cityname[22m[2m | [22m[36m14.01 kB[39m[2m | [22m

Application bundle generation complete. [1.002 seconds]

Component update sent to client(s).
[33m>[39m Changes detected. Rebuilding...
[32m√[39m Changes detected. Rebuilding...
[1mInitial chunk files[22m[2m | [22m[1mNames[22m                        [2m | [22m[1mRaw size[22m
[32mmain.js[39m            [2m | [22m[2mmain[22m                         [2m | [22m [36m6.84 kB[39m[2m | [22m

[1mLazy chunk files[22m   [2m | [22m[1mNames[22m                        [2m | [22m[1mRaw size[22m
[32mchunk-HFTG57D2.js[39m  [2m | [22m[2mfilter-supplier-with-cityname[22m[2m | [22m[36m14.01 kB[39m[2m | [22m

Application bundle generation complete. [1.683 seconds]

Component update sent to client(s).
[33m>[39m Changes detected. Rebuilding...
[32m√[39m Changes detected. Rebuilding...
[1mInitial chunk files[22m[2m | [22m[1mNames[22m                        [2m | [22m[1mRaw size[22m
[32mmain.js[39m            [2m | [22m[2mmain[22m                         [2m | [22m [36m6.84 kB[39m[2m | [22m

[1mLazy chunk files[22m   [2m | [22m[1mNames[22m                        [2m | [22m[1mRaw size[22m
[32mchunk-X3T2AN5U.js[39m  [2m | [22m[2mfilter-supplier-with-cityname[22m[2m | [22m[36m12.81 kB[39m[2m | [22m

Application bundle generation complete. [0.707 seconds]

Component update sent to client(s).
[33m>[39m Changes detected. Rebuilding...
[32m√[39m Changes detected. Rebuilding...
[1mInitial chunk files[22m[2m | [22m[1mNames[22m                        [2m | [22m[1mRaw size[22m
[32mmain.js[39m            [2m | [22m[2mmain[22m                         [2m | [22m [36m6.84 kB[39m[2m | [22m

[1mLazy chunk files[22m   [2m | [22m[1mNames[22m                        [2m | [22m[1mRaw size[22m
[32mchunk-ETJBX7MQ.js[39m  [2m | [22m[2mfilter-supplier-with-cityname[22m[2m | [22m[36m13.72 kB[39m[2m | [22m

Application bundle generation complete. [4.067 seconds]

Component update sent to client(s).
[33m>[39m Changes detected. Rebuilding...
[32m√[39m Changes detected. Rebuilding...
[1mInitial chunk files[22m[2m | [22m[1mNames[22m                           [2m | [22m [1mRaw size[22m
[32mpolyfills.js[39m       [2m | [22m[2mpolyfills[22m                       [2m | [22m [36m89.77 kB[39m[2m | [22m
[32mstyles.css[39m         [2m | [22m[2mstyles[22m                          [2m | [22m [36m18.71 kB[39m[2m | [22m
[32mmain.js[39m            [2m | [22m[2mmain[22m                            [2m | [22m  [36m6.84 kB[39m[2m | [22m
[32mchunk-4LKHFLCL.js[39m  [2m | [22m[2m-[22m                               [2m | [22m  [36m2.12 kB[39m[2m | [22m
[32mchunk-CZJLB7T5.js[39m  [2m | [22m[2m-[22m                               [2m | [22m  [36m1.08 kB[39m[2m | [22m

[1m [22m                  [2m | [22m[1mInitial total[22m                   [2m | [22m[1m118.52 kB[22m

[1mLazy chunk files[22m   [2m | [22m[1mNames[22m                           [2m | [22m [1mRaw size[22m
[32mchunk-QNNV5UTI.js[39m  [2m | [22m[2mdc-receiving-page-component[22m     [2m | [22m[36m116.14 kB[39m[2m | [22m
[32mchunk-BE6HQBCK.js[39m  [2m | [22m[2mprocurement-page-component[22m      [2m | [22m[36m111.08 kB[39m[2m | [22m
[32mchunk-6KGZUYDR.js[39m  [2m | [22m[2mmain-layout-component[22m           [2m | [22m [36m75.17 kB[39m[2m | [22m
[32mchunk-GA4KPE2E.js[39m  [2m | [22m[2mdispatch-page-component[22m         [2m | [22m [36m73.09 kB[39m[2m | [22m
[32mchunk-AP5ZYBRS.js[39m  [2m | [22m[2mdashboard-page-component[22m        [2m | [22m [36m46.23 kB[39m[2m | [22m
[32mchunk-SF2HQHK2.js[39m  [2m | [22m[2mlogin-component[22m                 [2m | [22m [36m30.48 kB[39m[2m | [22m
[32mchunk-B7HVK6VO.js[39m  [2m | [22m[2mupdate-supplier[22m                 [2m | [22m [36m15.33 kB[39m[2m | [22m
[32mchunk-UHOLOE77.js[39m  [2m | [22m[2m-[22m                               [2m | [22m [36m15.28 kB[39m[2m | [22m
[32mchunk-ETJBX7MQ.js[39m  [2m | [22m[2mfilter-supplier-with-cityname[22m   [2m | [22m [36m13.72 kB[39m[2m | [22m
[32mchunk-5LTO63QB.js[39m  [2m | [22m[2mfind-supplier-withid[22m            [2m | [22m [36m13.51 kB[39m[2m | [22m
[32mchunk-OFJ6GT4B.js[39m  [2m | [22m[2madd-supplier[22m                    [2m | [22m [36m13.26 kB[39m[2m | [22m
[32mchunk-H4KSPRNP.js[39m  [2m | [22m[2mtransfers-page-component[22m        [2m | [22m [36m12.10 kB[39m[2m | [22m
[32mchunk-KVNFK434.js[39m  [2m | [22m[2mstock-list-page-component[22m       [2m | [22m [36m11.38 kB[39m[2m | [22m
[32mchunk-XNEXAUHB.js[39m  [2m | [22m[2madjustments-page-component[22m      [2m | [22m [36m10.54 kB[39m[2m | [22m
[32mchunk-OYAMFDYZ.js[39m  [2m | [22m[2minventory-reports-page-component[22m[2m | [22m  [36m9.88 kB[39m[2m | [22m
[2m...and 16 more lazy chunks files. Use "--verbose" to show all the files.[22m

Application bundle generation complete. [0.474 seconds]

Component update sent to client(s).
[33m>[39m Changes detected. Rebuilding...
[32m√[39m Changes detected. Rebuilding...
[1mInitial chunk files[22m[2m | [22m[1mNames[22m                           [2m | [22m [1mRaw size[22m
[32mpolyfills.js[39m       [2m | [22m[2mpolyfills[22m                       [2m | [22m [36m89.77 kB[39m[2m | [22m
[32mstyles.css[39m         [2m | [22m[2mstyles[22m                          [2m | [22m [36m18.71 kB[39m[2m | [22m
[32mmain.js[39m            [2m | [22m[2mmain[22m                            [2m | [22m  [36m6.84 kB[39m[2m | [22m
[32mchunk-4LKHFLCL.js[39m  [2m | [22m[2m-[22m                               [2m | [22m  [36m2.12 kB[39m[2m | [22m
[32mchunk-CZJLB7T5.js[39m  [2m | [22m[2m-[22m                               [2m | [22m  [36m1.08 kB[39m[2m | [22m

[1m [22m                  [2m | [22m[1mInitial total[22m                   [2m | [22m[1m118.52 kB[22m

[1mLazy chunk files[22m   [2m | [22m[1mNames[22m                           [2m | [22m [1mRaw size[22m
[32mchunk-QNNV5UTI.js[39m  [2m | [22m[2mdc-receiving-page-component[22m     [2m | [22m[36m116.14 kB[39m[2m | [22m
[32mchunk-BE6HQBCK.js[39m  [2m | [22m[2mprocurement-page-component[22m      [2m | [22m[36m111.08 kB[39m[2m | [22m
[32mchunk-6KGZUYDR.js[39m  [2m | [22m[2mmain-layout-component[22m           [2m | [22m [36m75.17 kB[39m[2m | [22m
[32mchunk-GA4KPE2E.js[39m  [2m | [22m[2mdispatch-page-component[22m         [2m | [22m [36m73.09 kB[39m[2m | [22m
[32mchunk-AP5ZYBRS.js[39m  [2m | [22m[2mdashboard-page-component[22m        [2m | [22m [36m46.23 kB[39m[2m | [22m
[32mchunk-SF2HQHK2.js[39m  [2m | [22m[2mlogin-component[22m                 [2m | [22m [36m30.48 kB[39m[2m | [22m
[32mchunk-B7HVK6VO.js[39m  [2m | [22m[2mupdate-supplier[22m                 [2m | [22m [36m15.33 kB[39m[2m | [22m
[32mchunk-UHOLOE77.js[39m  [2m | [22m[2m-[22m                               [2m | [22m [36m15.28 kB[39m[2m | [22m
[32mchunk-ETJBX7MQ.js[39m  [2m | [22m[2mfilter-supplier-with-cityname[22m   [2m | [22m [36m13.72 kB[39m[2m | [22m
[32mchunk-5LTO63QB.js[39m  [2m | [22m[2mfind-supplier-withid[22m            [2m | [22m [36m13.51 kB[39m[2m | [22m
[32mchunk-OFJ6GT4B.js[39m  [2m | [22m[2madd-supplier[22m                    [2m | [22m [36m13.26 kB[39m[2m | [22m
[32mchunk-H4KSPRNP.js[39m  [2m | [22m[2mtransfers-page-component[22m        [2m | [22m [36m12.10 kB[39m[2m | [22m
[32mchunk-KVNFK434.js[39m  [2m | [22m[2mstock-list-page-component[22m       [2m | [22m [36m11.38 kB[39m[2m | [22m
[32mchunk-XNEXAUHB.js[39m  [2m | [22m[2madjustments-page-component[22m      [2m | [22m [36m10.54 kB[39m[2m | [22m
[32mchunk-OYAMFDYZ.js[39m  [2m | [22m[2minventory-reports-page-component[22m[2m | [22m  [36m9.88 kB[39m[2m | [22m
[2m...and 16 more lazy chunks files. Use "--verbose" to show all the files.[22m

Application bundle generation complete. [0.633 seconds]

Component update sent to client(s).
[33m>[39m Changes detected. Rebuilding...
[32m√[39m Changes detected. Rebuilding...
[1mInitial chunk files[22m[2m | [22m[1mNames[22m                           [2m | [22m [1mRaw size[22m
[32mpolyfills.js[39m       [2m | [22m[2mpolyfills[22m                       [2m | [22m [36m89.77 kB[39m[2m | [22m
[32mstyles.css[39m         [2m | [22m[2mstyles[22m                          [2m | [22m [36m18.71 kB[39m[2m | [22m
[32mmain.js[39m            [2m | [22m[2mmain[22m                            [2m | [22m  [36m6.84 kB[39m[2m | [22m
[32mchunk-4LKHFLCL.js[39m  [2m | [22m[2m-[22m                               [2m | [22m  [36m2.12 kB[39m[2m | [22m
[32mchunk-CZJLB7T5.js[39m  [2m | [22m[2m-[22m                               [2m | [22m  [36m1.08 kB[39m[2m | [22m

[1m [22m                  [2m | [22m[1mInitial total[22m                   [2m | [22m[1m118.52 kB[22m

[1mLazy chunk files[22m   [2m | [22m[1mNames[22m                           [2m | [22m [1mRaw size[22m
[32mchunk-QNNV5UTI.js[39m  [2m | [22m[2mdc-receiving-page-component[22m     [2m | [22m[36m116.14 kB[39m[2m | [22m
[32mchunk-BE6HQBCK.js[39m  [2m | [22m[2mprocurement-page-component[22m      [2m | [22m[36m111.08 kB[39m[2m | [22m
[32mchunk-6KGZUYDR.js[39m  [2m | [22m[2mmain-layout-component[22m           [2m | [22m [36m75.17 kB[39m[2m | [22m
[32mchunk-GA4KPE2E.js[39m  [2m | [22m[2mdispatch-page-component[22m         [2m | [22m [36m73.09 kB[39m[2m | [22m
[32mchunk-AP5ZYBRS.js[39m  [2m | [22m[2mdashboard-page-component[22m        [2m | [22m [36m46.23 kB[39m[2m | [22m
[32mchunk-SF2HQHK2.js[39m  [2m | [22m[2mlogin-component[22m                 [2m | [22m [36m30.48 kB[39m[2m | [22m
[32mchunk-B7HVK6VO.js[39m  [2m | [22m[2mupdate-supplier[22m                 [2m | [22m [36m15.33 kB[39m[2m | [22m
[32mchunk-UHOLOE77.js[39m  [2m | [22m[2m-[22m                               [2m | [22m [36m15.28 kB[39m[2m | [22m
[32mchunk-ETJBX7MQ.js[39m  [2m | [22m[2mfilter-supplier-with-cityname[22m   [2m | [22m [36m13.72 kB[39m[2m | [22m
[32mchunk-5LTO63QB.js[39m  [2m | [22m[2mfind-supplier-withid[22m            [2m | [22m [36m13.51 kB[39m[2m | [22m
[32mchunk-OFJ6GT4B.js[39m  [2m | [22m[2madd-supplier[22m                    [2m | [22m [36m13.26 kB[39m[2m | [22m
[32mchunk-H4KSPRNP.js[39m  [2m | [22m[2mtransfers-page-component[22m        [2m | [22m [36m12.10 kB[39m[2m | [22m
[32mchunk-KVNFK434.js[39m  [2m | [22m[2mstock-list-page-component[22m       [2m | [22m [36m11.38 kB[39m[2m | [22m
[32mchunk-XNEXAUHB.js[39m  [2m | [22m[2madjustments-page-component[22m      [2m | [22m [36m10.54 kB[39m[2m | [22m
[32mchunk-OYAMFDYZ.js[39m  [2m | [22m[2minventory-reports-page-component[22m[2m | [22m  [36m9.88 kB[39m[2m | [22m
[2m...and 16 more lazy chunks files. Use "--verbose" to show all the files.[22m

Application bundle generation complete. [0.918 seconds]

Component update sent to client(s).
[33m>[39m Changes detected. Rebuilding...
[32m√[39m Changes detected. Rebuilding...
[1mInitial chunk files[22m[2m | [22m[1mNames[22m                        [2m | [22m[1mRaw size[22m
[32mmain.js[39m            [2m | [22m[2mmain[22m                         [2m | [22m [36m6.84 kB[39m[2m | [22m

[1mLazy chunk files[22m   [2m | [22m[1mNames[22m                        [2m | [22m[1mRaw size[22m
[32mchunk-KE6UQ7LE.js[39m  [2m | [22m[2mfilter-supplier-with-cityname[22m[2m | [22m[36m14.83 kB[39m[2m | [22m

Application bundle generation complete. [2.346 seconds]

Component update sent to client(s).
[33m>[39m Changes detected. Rebuilding...
[32m√[39m Changes detected. Rebuilding...
[1mInitial chunk files[22m[2m | [22m[1mNames[22m                        [2m | [22m[1mRaw size[22m
[32mmain.js[39m            [2m | [22m[2mmain[22m                         [2m | [22m [36m6.84 kB[39m[2m | [22m

[1mLazy chunk files[22m   [2m | [22m[1mNames[22m                        [2m | [22m[1mRaw size[22m
[32mchunk-VIZJ2JVU.js[39m  [2m | [22m[2mfilter-supplier-with-cityname[22m[2m | [22m[36m14.96 kB[39m[2m | [22m

Application bundle generation complete. [1.766 seconds]

Component update sent to client(s).
[33m>[39m Changes detected. Rebuilding...
[32m√[39m Changes detected. Rebuilding...
[1mInitial chunk files[22m[2m | [22m[1mNames[22m                        [2m | [22m[1mRaw size[22m
[32mmain.js[39m            [2m | [22m[2mmain[22m                         [2m | [22m [36m6.84 kB[39m[2m | [22m

[1mLazy chunk files[22m   [2m | [22m[1mNames[22m                        [2m | [22m[1mRaw size[22m
[32mchunk-MEQMNRBF.js[39m  [2m | [22m[2mfilter-supplier-with-cityname[22m[2m | [22m[36m14.97 kB[39m[2m | [22m

Application bundle generation complete. [1.540 seconds]

Component update sent to client(s).
[33m>[39m Changes detected. Rebuilding...
[32m√[39m Changes detected. Rebuilding...
[1mInitial chunk files[22m[2m | [22m[1mNames[22m                        [2m | [22m[1mRaw size[22m
[32mmain.js[39m            [2m | [22m[2mmain[22m                         [2m | [22m [36m6.84 kB[39m[2m | [22m

[1mLazy chunk files[22m   [2m | [22m[1mNames[22m                        [2m | [22m[1mRaw size[22m
[32mchunk-7TQPLOFV.js[39m  [2m | [22m[2mfilter-supplier-with-cityname[22m[2m | [22m[36m15.74 kB[39m[2m | [22m

Application bundle generation complete. [3.303 seconds]

Component update sent to client(s).
[33m>[39m Changes detected. Rebuilding...
[32m√[39m Changes detected. Rebuilding...
[1mInitial chunk files[22m[2m | [22m[1mNames[22m                           [2m | [22m [1mRaw size[22m
[32mpolyfills.js[39m       [2m | [22m[2mpolyfills[22m                       [2m | [22m [36m89.77 kB[39m[2m | [22m
[32mstyles.css[39m         [2m | [22m[2mstyles[22m                          [2m | [22m [36m18.71 kB[39m[2m | [22m
[32mmain.js[39m            [2m | [22m[2mmain[22m                            [2m | [22m  [36m6.84 kB[39m[2m | [22m
[32mchunk-4LKHFLCL.js[39m  [2m | [22m[2m-[22m                               [2m | [22m  [36m2.12 kB[39m[2m | [22m
[32mchunk-CZJLB7T5.js[39m  [2m | [22m[2m-[22m                               [2m | [22m  [36m1.08 kB[39m[2m | [22m

[1m [22m                  [2m | [22m[1mInitial total[22m                   [2m | [22m[1m118.52 kB[22m

[1mLazy chunk files[22m   [2m | [22m[1mNames[22m                           [2m | [22m [1mRaw size[22m
[32mchunk-QNNV5UTI.js[39m  [2m | [22m[2mdc-receiving-page-component[22m     [2m | [22m[36m116.14 kB[39m[2m | [22m
[32mchunk-BE6HQBCK.js[39m  [2m | [22m[2mprocurement-page-component[22m      [2m | [22m[36m111.08 kB[39m[2m | [22m
[32mchunk-6KGZUYDR.js[39m  [2m | [22m[2mmain-layout-component[22m           [2m | [22m [36m75.17 kB[39m[2m | [22m
[32mchunk-GA4KPE2E.js[39m  [2m | [22m[2mdispatch-page-component[22m         [2m | [22m [36m73.09 kB[39m[2m | [22m
[32mchunk-AP5ZYBRS.js[39m  [2m | [22m[2mdashboard-page-component[22m        [2m | [22m [36m46.23 kB[39m[2m | [22m
[32mchunk-SF2HQHK2.js[39m  [2m | [22m[2mlogin-component[22m                 [2m | [22m [36m30.48 kB[39m[2m | [22m
[32mchunk-7TQPLOFV.js[39m  [2m | [22m[2mfilter-supplier-with-cityname[22m   [2m | [22m [36m15.74 kB[39m[2m | [22m
[32mchunk-B7HVK6VO.js[39m  [2m | [22m[2mupdate-supplier[22m                 [2m | [22m [36m15.33 kB[39m[2m | [22m
[32mchunk-UHOLOE77.js[39m  [2m | [22m[2m-[22m                               [2m | [22m [36m15.28 kB[39m[2m | [22m
[32mchunk-5LTO63QB.js[39m  [2m | [22m[2mfind-supplier-withid[22m            [2m | [22m [36m13.51 kB[39m[2m | [22m
[32mchunk-OFJ6GT4B.js[39m  [2m | [22m[2madd-supplier[22m                    [2m | [22m [36m13.26 kB[39m[2m | [22m
[32mchunk-H4KSPRNP.js[39m  [2m | [22m[2mtransfers-page-component[22m        [2m | [22m [36m12.10 kB[39m[2m | [22m
[32mchunk-KVNFK434.js[39m  [2m | [22m[2mstock-list-page-component[22m       [2m | [22m [36m11.38 kB[39m[2m | [22m
[32mchunk-XNEXAUHB.js[39m  [2m | [22m[2madjustments-page-component[22m      [2m | [22m [36m10.54 kB[39m[2m | [22m
[32mchunk-OYAMFDYZ.js[39m  [2m | [22m[2minventory-reports-page-component[22m[2m | [22m  [36m9.88 kB[39m[2m | [22m
[2m...and 16 more lazy chunks files. Use "--verbose" to show all the files.[22m

Application bundle generation complete. [1.334 seconds]

Component update sent to client(s).
[33m>[39m Changes detected. Rebuilding...
[32m√[39m Changes detected. Rebuilding...
Application bundle generation failed. [2.752 seconds]

[33m>[39m Changes detected. Rebuilding...
[32m√[39m Changes detected. Rebuilding...
Application bundle generation failed. [1.021 seconds]

[33m>[39m Changes detected. Rebuilding...
[32m√[39m Changes detected. Rebuilding...
[1mInitial chunk files[22m[2m | [22m[1mNames[22m                           [2m | [22m [1mRaw size[22m
[32mpolyfills.js[39m       [2m | [22m[2mpolyfills[22m                       [2m | [22m [36m89.77 kB[39m[2m | [22m
[32mstyles.css[39m         [2m | [22m[2mstyles[22m                          [2m | [22m [36m18.71 kB[39m[2m | [22m
[32mmain.js[39m            [2m | [22m[2mmain[22m                            [2m | [22m  [36m6.69 kB[39m[2m | [22m
[32mchunk-4LKHFLCL.js[39m  [2m | [22m[2m-[22m                               [2m | [22m  [36m2.12 kB[39m[2m | [22m
[32mchunk-CZJLB7T5.js[39m  [2m | [22m[2m-[22m                               [2m | [22m  [36m1.08 kB[39m[2m | [22m

[1m [22m                  [2m | [22m[1mInitial total[22m                   [2m | [22m[1m118.37 kB[22m

[1mLazy chunk files[22m   [2m | [22m[1mNames[22m                           [2m | [22m [1mRaw size[22m
[32mchunk-QNNV5UTI.js[39m  [2m | [22m[2mdc-receiving-page-component[22m     [2m | [22m[36m116.14 kB[39m[2m | [22m
[32mchunk-BE6HQBCK.js[39m  [2m | [22m[2mprocurement-page-component[22m      [2m | [22m[36m111.08 kB[39m[2m | [22m
[32mchunk-6KGZUYDR.js[39m  [2m | [22m[2mmain-layout-component[22m           [2m | [22m [36m75.17 kB[39m[2m | [22m
[32mchunk-GA4KPE2E.js[39m  [2m | [22m[2mdispatch-page-component[22m         [2m | [22m [36m73.09 kB[39m[2m | [22m
[32mchunk-AP5ZYBRS.js[39m  [2m | [22m[2mdashboard-page-component[22m        [2m | [22m [36m46.23 kB[39m[2m | [22m
[32mchunk-SF2HQHK2.js[39m  [2m | [22m[2mlogin-component[22m                 [2m | [22m [36m30.48 kB[39m[2m | [22m
[32mchunk-7TQPLOFV.js[39m  [2m | [22m[2mfilter-supplier-with-cityname[22m   [2m | [22m [36m15.74 kB[39m[2m | [22m
[32mchunk-UHOLOE77.js[39m  [2m | [22m[2m-[22m                               [2m | [22m [36m15.28 kB[39m[2m | [22m
[32mchunk-5LTO63QB.js[39m  [2m | [22m[2mfind-supplier-withid[22m            [2m | [22m [36m13.51 kB[39m[2m | [22m
[32mchunk-OFJ6GT4B.js[39m  [2m | [22m[2madd-supplier[22m                    [2m | [22m [36m13.26 kB[39m[2m | [22m
[32mchunk-H4KSPRNP.js[39m  [2m | [22m[2mtransfers-page-component[22m        [2m | [22m [36m12.10 kB[39m[2m | [22m
[32mchunk-KVNFK434.js[39m  [2m | [22m[2mstock-list-page-component[22m       [2m | [22m [36m11.38 kB[39m[2m | [22m
[32mchunk-XNEXAUHB.js[39m  [2m | [22m[2madjustments-page-component[22m      [2m | [22m [36m10.54 kB[39m[2m | [22m
[32mchunk-OYAMFDYZ.js[39m  [2m | [22m[2minventory-reports-page-component[22m[2m | [22m  [36m9.88 kB[39m[2m | [22m
[32mchunk-NBPF7NXF.js[39m  [2m | [22m[2mcycle-count-page-component[22m      [2m | [22m  [36m9.77 kB[39m[2m | [22m
[2m...and 15 more lazy chunks files. Use "--verbose" to show all the files.[22m

Application bundle generation complete. [2.292 seconds]

Page reload sent to client(s).
[33m>[39m Changes detected. Rebuilding...
[32m√[39m Changes detected. Rebuilding...
[1mInitial chunk files[22m[2m | [22m[1mNames[22m           [2m | [22m[1mRaw size[22m
[32mmain.js[39m            [2m | [22m[2mmain[22m            [2m | [22m [36m6.69 kB[39m[2m | [22m

[1mLazy chunk files[22m   [2m | [22m[1mNames[22m           [2m | [22m[1mRaw size[22m
[32mchunk-VYJ2LE46.js[39m  [2m | [22m[2mfind-allsupplier[22m[2m | [22m [36m9.93 kB[39m[2m | [22m

Application bundle generation complete. [2.798 seconds]

Component update sent to client(s).
[33m>[39m Changes detected. Rebuilding...
[32m√[39m Changes detected. Rebuilding...
[1mInitial chunk files[22m[2m | [22m[1mNames[22m                           [2m | [22m [1mRaw size[22m
[32mpolyfills.js[39m       [2m | [22m[2mpolyfills[22m                       [2m | [22m [36m89.77 kB[39m[2m | [22m
[32mstyles.css[39m         [2m | [22m[2mstyles[22m                          [2m | [22m [36m18.71 kB[39m[2m | [22m
[32mmain.js[39m            [2m | [22m[2mmain[22m                            [2m | [22m  [36m6.69 kB[39m[2m | [22m
[32mchunk-4LKHFLCL.js[39m  [2m | [22m[2m-[22m                               [2m | [22m  [36m2.12 kB[39m[2m | [22m
[32mchunk-CZJLB7T5.js[39m  [2m | [22m[2m-[22m                               [2m | [22m  [36m1.08 kB[39m[2m | [22m

[1m [22m                  [2m | [22m[1mInitial total[22m                   [2m | [22m[1m118.37 kB[22m

[1mLazy chunk files[22m   [2m | [22m[1mNames[22m                           [2m | [22m [1mRaw size[22m
[32mchunk-QNNV5UTI.js[39m  [2m | [22m[2mdc-receiving-page-component[22m     [2m | [22m[36m116.14 kB[39m[2m | [22m
[32mchunk-BE6HQBCK.js[39m  [2m | [22m[2mprocurement-page-component[22m      [2m | [22m[36m111.08 kB[39m[2m | [22m
[32mchunk-6KGZUYDR.js[39m  [2m | [22m[2mmain-layout-component[22m           [2m | [22m [36m75.17 kB[39m[2m | [22m
[32mchunk-GA4KPE2E.js[39m  [2m | [22m[2mdispatch-page-component[22m         [2m | [22m [36m73.09 kB[39m[2m | [22m
[32mchunk-AP5ZYBRS.js[39m  [2m | [22m[2mdashboard-page-component[22m        [2m | [22m [36m46.23 kB[39m[2m | [22m
[32mchunk-SF2HQHK2.js[39m  [2m | [22m[2mlogin-component[22m                 [2m | [22m [36m30.48 kB[39m[2m | [22m
[32mchunk-7TQPLOFV.js[39m  [2m | [22m[2mfilter-supplier-with-cityname[22m   [2m | [22m [36m15.74 kB[39m[2m | [22m
[32mchunk-UHOLOE77.js[39m  [2m | [22m[2m-[22m                               [2m | [22m [36m15.28 kB[39m[2m | [22m
[32mchunk-5LTO63QB.js[39m  [2m | [22m[2mfind-supplier-withid[22m            [2m | [22m [36m13.51 kB[39m[2m | [22m
[32mchunk-OFJ6GT4B.js[39m  [2m | [22m[2madd-supplier[22m                    [2m | [22m [36m13.26 kB[39m[2m | [22m
[32mchunk-H4KSPRNP.js[39m  [2m | [22m[2mtransfers-page-component[22m        [2m | [22m [36m12.10 kB[39m[2m | [22m
[32mchunk-KVNFK434.js[39m  [2m | [22m[2mstock-list-page-component[22m       [2m | [22m [36m11.38 kB[39m[2m | [22m
[32mchunk-XNEXAUHB.js[39m  [2m | [22m[2madjustments-page-component[22m      [2m | [22m [36m10.54 kB[39m[2m | [22m
[32mchunk-VYJ2LE46.js[39m  [2m | [22m[2mfind-allsupplier[22m                [2m | [22m  [36m9.93 kB[39m[2m | [22m
[32mchunk-OYAMFDYZ.js[39m  [2m | [22m[2minventory-reports-page-component[22m[2m | [22m  [36m9.88 kB[39m[2m | [22m
[2m...and 15 more lazy chunks files. Use "--verbose" to show all the files.[22m

Application bundle generation complete. [0.795 seconds]

Component update sent to client(s).
[33m>[39m Changes detected. Rebuilding...
[32m√[39m Changes detected. Rebuilding...
[1mInitial chunk files[22m[2m | [22m[1mNames[22m           [2m | [22m[1mRaw size[22m
[32mmain.js[39m            [2m | [22m[2mmain[22m            [2m | [22m [36m6.69 kB[39m[2m | [22m

[1mLazy chunk files[22m   [2m | [22m[1mNames[22m           [2m | [22m[1mRaw size[22m
[32mchunk-HY3WC6NL.js[39m  [2m | [22m[2mfind-allsupplier[22m[2m | [22m [36m9.50 kB[39m[2m | [22m

Application bundle generation complete. [1.393 seconds]

Component update sent to client(s).
[33m>[39m Changes detected. Rebuilding...
[32m√[39m Changes detected. Rebuilding...
[1mInitial chunk files[22m[2m | [22m[1mNames[22m                           [2m | [22m [1mRaw size[22m
[32mpolyfills.js[39m       [2m | [22m[2mpolyfills[22m                       [2m | [22m [36m89.77 kB[39m[2m | [22m
[32mstyles.css[39m         [2m | [22m[2mstyles[22m                          [2m | [22m [36m18.71 kB[39m[2m | [22m
[32mmain.js[39m            [2m | [22m[2mmain[22m                            [2m | [22m  [36m6.69 kB[39m[2m | [22m
[32mchunk-4LKHFLCL.js[39m  [2m | [22m[2m-[22m                               [2m | [22m  [36m2.12 kB[39m[2m | [22m
[32mchunk-CZJLB7T5.js[39m  [2m | [22m[2m-[22m                               [2m | [22m  [36m1.08 kB[39m[2m | [22m

[1m [22m                  [2m | [22m[1mInitial total[22m                   [2m | [22m[1m118.37 kB[22m

[1mLazy chunk files[22m   [2m | [22m[1mNames[22m                           [2m | [22m [1mRaw size[22m
[32mchunk-QNNV5UTI.js[39m  [2m | [22m[2mdc-receiving-page-component[22m     [2m | [22m[36m116.14 kB[39m[2m | [22m
[32mchunk-BE6HQBCK.js[39m  [2m | [22m[2mprocurement-page-component[22m      [2m | [22m[36m111.08 kB[39m[2m | [22m
[32mchunk-6KGZUYDR.js[39m  [2m | [22m[2mmain-layout-component[22m           [2m | [22m [36m75.17 kB[39m[2m | [22m
[32mchunk-GA4KPE2E.js[39m  [2m | [22m[2mdispatch-page-component[22m         [2m | [22m [36m73.09 kB[39m[2m | [22m
[32mchunk-AP5ZYBRS.js[39m  [2m | [22m[2mdashboard-page-component[22m        [2m | [22m [36m46.23 kB[39m[2m | [22m
[32mchunk-SF2HQHK2.js[39m  [2m | [22m[2mlogin-component[22m                 [2m | [22m [36m30.48 kB[39m[2m | [22m
[32mchunk-7TQPLOFV.js[39m  [2m | [22m[2mfilter-supplier-with-cityname[22m   [2m | [22m [36m15.74 kB[39m[2m | [22m
[32mchunk-UHOLOE77.js[39m  [2m | [22m[2m-[22m                               [2m | [22m [36m15.28 kB[39m[2m | [22m
[32mchunk-5LTO63QB.js[39m  [2m | [22m[2mfind-supplier-withid[22m            [2m | [22m [36m13.51 kB[39m[2m | [22m
[32mchunk-OFJ6GT4B.js[39m  [2m | [22m[2madd-supplier[22m                    [2m | [22m [36m13.26 kB[39m[2m | [22m
[32mchunk-H4KSPRNP.js[39m  [2m | [22m[2mtransfers-page-component[22m        [2m | [22m [36m12.10 kB[39m[2m | [22m
[32mchunk-KVNFK434.js[39m  [2m | [22m[2mstock-list-page-component[22m       [2m | [22m [36m11.38 kB[39m[2m | [22m
[32mchunk-XNEXAUHB.js[39m  [2m | [22m[2madjustments-page-component[22m      [2m | [22m [36m10.54 kB[39m[2m | [22m
[32mchunk-OYAMFDYZ.js[39m  [2m | [22m[2minventory-reports-page-component[22m[2m | [22m  [36m9.88 kB[39m[2m | [22m
[32mchunk-NBPF7NXF.js[39m  [2m | [22m[2mcycle-count-page-component[22m      [2m | [22m  [36m9.77 kB[39m[2m | [22m
[2m...and 15 more lazy chunks files. Use "--verbose" to show all the files.[22m

Application bundle generation complete. [0.653 seconds]

Component update sent to client(s).
[33m>[39m Changes detected. Rebuilding...
[32m√[39m Changes detected. Rebuilding...
[1mInitial chunk files[22m[2m | [22m[1mNames[22m                               [2m | [22m[1mRaw size[22m
[32mmain.js[39m            [2m | [22m[2mmain[22m                                [2m | [22m [36m6.86 kB[39m[2m | [22m

[1mLazy chunk files[22m   [2m | [22m[1mNames[22m                               [2m | [22m[1mRaw size[22m
[32mchunk-KMFVG4WC.js[39m  [2m | [22m[2mmain-layout-component[22m               [2m | [22m[36m75.26 kB[39m[2m | [22m
[32mchunk-OBKZM7LL.js[39m  [2m | [22m[2mfetch-supplier-lazyloading-component[22m[2m | [22m[36m14.45 kB[39m[2m | [22m

Application bundle generation complete. [3.008 seconds]

Page reload sent to client(s).
[33m>[39m Changes detected. Rebuilding...
[32m√[39m Changes detected. Rebuilding...
[1mInitial chunk files[22m[2m | [22m[1mNames[22m                               [2m | [22m [1mRaw size[22m
[32mpolyfills.js[39m       [2m | [22m[2mpolyfills[22m                           [2m | [22m [36m89.77 kB[39m[2m | [22m
[32mstyles.css[39m         [2m | [22m[2mstyles[22m                              [2m | [22m [36m18.71 kB[39m[2m | [22m
[32mmain.js[39m            [2m | [22m[2mmain[22m                                [2m | [22m  [36m6.86 kB[39m[2m | [22m
[32mchunk-4LKHFLCL.js[39m  [2m | [22m[2m-[22m                                   [2m | [22m  [36m2.12 kB[39m[2m | [22m
[32mchunk-CZJLB7T5.js[39m  [2m | [22m[2m-[22m                                   [2m | [22m  [36m1.08 kB[39m[2m | [22m

[1m [22m                  [2m | [22m[1mInitial total[22m                       [2m | [22m[1m118.54 kB[22m

[1mLazy chunk files[22m   [2m | [22m[1mNames[22m                               [2m | [22m [1mRaw size[22m
[32mchunk-QNNV5UTI.js[39m  [2m | [22m[2mdc-receiving-page-component[22m         [2m | [22m[36m116.14 kB[39m[2m | [22m
[32mchunk-BE6HQBCK.js[39m  [2m | [22m[2mprocurement-page-component[22m          [2m | [22m[36m111.08 kB[39m[2m | [22m
[32mchunk-KMFVG4WC.js[39m  [2m | [22m[2mmain-layout-component[22m               [2m | [22m [36m75.26 kB[39m[2m | [22m
[32mchunk-GA4KPE2E.js[39m  [2m | [22m[2mdispatch-page-component[22m             [2m | [22m [36m73.09 kB[39m[2m | [22m
[32mchunk-AP5ZYBRS.js[39m  [2m | [22m[2mdashboard-page-component[22m            [2m | [22m [36m46.23 kB[39m[2m | [22m
[32mchunk-SF2HQHK2.js[39m  [2m | [22m[2mlogin-component[22m                     [2m | [22m [36m30.48 kB[39m[2m | [22m
[32mchunk-7TQPLOFV.js[39m  [2m | [22m[2mfilter-supplier-with-cityname[22m       [2m | [22m [36m15.74 kB[39m[2m | [22m
[32mchunk-UHOLOE77.js[39m  [2m | [22m[2m-[22m                                   [2m | [22m [36m15.28 kB[39m[2m | [22m
[32mchunk-OBKZM7LL.js[39m  [2m | [22m[2mfetch-supplier-lazyloading-component[22m[2m | [22m [36m14.45 kB[39m[2m | [22m
[32mchunk-5LTO63QB.js[39m  [2m | [22m[2mfind-supplier-withid[22m                [2m | [22m [36m13.51 kB[39m[2m | [22m
[32mchunk-OFJ6GT4B.js[39m  [2m | [22m[2madd-supplier[22m                        [2m | [22m [36m13.26 kB[39m[2m | [22m
[32mchunk-H4KSPRNP.js[39m  [2m | [22m[2mtransfers-page-component[22m            [2m | [22m [36m12.10 kB[39m[2m | [22m
[32mchunk-KVNFK434.js[39m  [2m | [22m[2mstock-list-page-component[22m           [2m | [22m [36m11.38 kB[39m[2m | [22m
[32mchunk-XNEXAUHB.js[39m  [2m | [22m[2madjustments-page-component[22m          [2m | [22m [36m10.54 kB[39m[2m | [22m
[32mchunk-OYAMFDYZ.js[39m  [2m | [22m[2minventory-reports-page-component[22m    [2m | [22m  [36m9.88 kB[39m[2m | [22m
[2m...and 16 more lazy chunks files. Use "--verbose" to show all the files.[22m

Application bundle generation complete. [0.975 seconds]

Component update sent to client(s).
[33m>[39m Changes detected. Rebuilding...
[32m√[39m Changes detected. Rebuilding...
Application bundle generation failed. [3.766 seconds]

[33m>[39m Changes detected. Rebuilding...
[32m√[39m Changes detected. Rebuilding...
[1mInitial chunk files[22m[2m | [22m[1mNames[22m                           [2m | [22m [1mRaw size[22m
[32mpolyfills.js[39m       [2m | [22m[2mpolyfills[22m                       [2m | [22m [36m89.77 kB[39m[2m | [22m
[32mstyles.css[39m         [2m | [22m[2mstyles[22m                          [2m | [22m [36m18.71 kB[39m[2m | [22m
[32mmain.js[39m            [2m | [22m[2mmain[22m                            [2m | [22m  [36m6.85 kB[39m[2m | [22m
[32mchunk-4LKHFLCL.js[39m  [2m | [22m[2m-[22m                               [2m | [22m  [36m2.12 kB[39m[2m | [22m
[32mchunk-CZJLB7T5.js[39m  [2m | [22m[2m-[22m                               [2m | [22m  [36m1.08 kB[39m[2m | [22m

[1m [22m                  [2m | [22m[1mInitial total[22m                   [2m | [22m[1m118.52 kB[22m

[1mLazy chunk files[22m   [2m | [22m[1mNames[22m                           [2m | [22m [1mRaw size[22m
[32mchunk-QNNV5UTI.js[39m  [2m | [22m[2mdc-receiving-page-component[22m     [2m | [22m[36m116.14 kB[39m[2m | [22m
[32mchunk-BE6HQBCK.js[39m  [2m | [22m[2mprocurement-page-component[22m      [2m | [22m[36m111.08 kB[39m[2m | [22m
[32mchunk-KMFVG4WC.js[39m  [2m | [22m[2mmain-layout-component[22m           [2m | [22m [36m75.26 kB[39m[2m | [22m
[32mchunk-GA4KPE2E.js[39m  [2m | [22m[2mdispatch-page-component[22m         [2m | [22m [36m73.09 kB[39m[2m | [22m
[32mchunk-AP5ZYBRS.js[39m  [2m | [22m[2mdashboard-page-component[22m        [2m | [22m [36m46.23 kB[39m[2m | [22m
[32mchunk-SF2HQHK2.js[39m  [2m | [22m[2mlogin-component[22m                 [2m | [22m [36m30.48 kB[39m[2m | [22m
[32mchunk-BDDI4V37.js[39m  [2m | [22m[2mupdate-supplier-component[22m       [2m | [22m [36m16.98 kB[39m[2m | [22m
[32mchunk-7TQPLOFV.js[39m  [2m | [22m[2mfilter-supplier-with-cityname[22m   [2m | [22m [36m15.74 kB[39m[2m | [22m
[32mchunk-UHOLOE77.js[39m  [2m | [22m[2m-[22m                               [2m | [22m [36m15.28 kB[39m[2m | [22m
[32mchunk-5LTO63QB.js[39m  [2m | [22m[2mfind-supplier-withid[22m            [2m | [22m [36m13.51 kB[39m[2m | [22m
[32mchunk-OFJ6GT4B.js[39m  [2m | [22m[2madd-supplier[22m                    [2m | [22m [36m13.26 kB[39m[2m | [22m
[32mchunk-H4KSPRNP.js[39m  [2m | [22m[2mtransfers-page-component[22m        [2m | [22m [36m12.10 kB[39m[2m | [22m
[32mchunk-KVNFK434.js[39m  [2m | [22m[2mstock-list-page-component[22m       [2m | [22m [36m11.38 kB[39m[2m | [22m
[32mchunk-XNEXAUHB.js[39m  [2m | [22m[2madjustments-page-component[22m      [2m | [22m [36m10.54 kB[39m[2m | [22m
[32mchunk-OYAMFDYZ.js[39m  [2m | [22m[2minventory-reports-page-component[22m[2m | [22m  [36m9.88 kB[39m[2m | [22m
[2m...and 16 more lazy chunks files. Use "--verbose" to show all the files.[22m

Application bundle generation complete. [2.461 seconds]

Page reload sent to client(s).
[33m>[39m Changes detected. Rebuilding...
[32m√[39m Changes detected. Rebuilding...
[1mInitial chunk files[22m[2m | [22m[1mNames[22m                           [2m | [22m [1mRaw size[22m
[32mpolyfills.js[39m       [2m | [22m[2mpolyfills[22m                       [2m | [22m [36m89.77 kB[39m[2m | [22m
[32mstyles.css[39m         [2m | [22m[2mstyles[22m                          [2m | [22m [36m18.71 kB[39m[2m | [22m
[32mmain.js[39m            [2m | [22m[2mmain[22m                            [2m | [22m  [36m6.85 kB[39m[2m | [22m
[32mchunk-4LKHFLCL.js[39m  [2m | [22m[2m-[22m                               [2m | [22m  [36m2.12 kB[39m[2m | [22m
[32mchunk-CZJLB7T5.js[39m  [2m | [22m[2m-[22m                               [2m | [22m  [36m1.08 kB[39m[2m | [22m

[1m [22m                  [2m | [22m[1mInitial total[22m                   [2m | [22m[1m118.52 kB[22m

[1mLazy chunk files[22m   [2m | [22m[1mNames[22m                           [2m | [22m [1mRaw size[22m
[32mchunk-QNNV5UTI.js[39m  [2m | [22m[2mdc-receiving-page-component[22m     [2m | [22m[36m116.14 kB[39m[2m | [22m
[32mchunk-BE6HQBCK.js[39m  [2m | [22m[2mprocurement-page-component[22m      [2m | [22m[36m111.08 kB[39m[2m | [22m
[32mchunk-KMFVG4WC.js[39m  [2m | [22m[2mmain-layout-component[22m           [2m | [22m [36m75.26 kB[39m[2m | [22m
[32mchunk-GA4KPE2E.js[39m  [2m | [22m[2mdispatch-page-component[22m         [2m | [22m [36m73.09 kB[39m[2m | [22m
[32mchunk-AP5ZYBRS.js[39m  [2m | [22m[2mdashboard-page-component[22m        [2m | [22m [36m46.23 kB[39m[2m | [22m
[32mchunk-SF2HQHK2.js[39m  [2m | [22m[2mlogin-component[22m                 [2m | [22m [36m30.48 kB[39m[2m | [22m
[32mchunk-BDDI4V37.js[39m  [2m | [22m[2mupdate-supplier-component[22m       [2m | [22m [36m16.98 kB[39m[2m | [22m
[32mchunk-7TQPLOFV.js[39m  [2m | [22m[2mfilter-supplier-with-cityname[22m   [2m | [22m [36m15.74 kB[39m[2m | [22m
[32mchunk-UHOLOE77.js[39m  [2m | [22m[2m-[22m                               [2m | [22m [36m15.28 kB[39m[2m | [22m
[32mchunk-5LTO63QB.js[39m  [2m | [22m[2mfind-supplier-withid[22m            [2m | [22m [36m13.51 kB[39m[2m | [22m
[32mchunk-OFJ6GT4B.js[39m  [2m | [22m[2madd-supplier[22m                    [2m | [22m [36m13.26 kB[39m[2m | [22m
[32mchunk-H4KSPRNP.js[39m  [2m | [22m[2mtransfers-page-component[22m        [2m | [22m [36m12.10 kB[39m[2m | [22m
[32mchunk-KVNFK434.js[39m  [2m | [22m[2mstock-list-page-component[22m       [2m | [22m [36m11.38 kB[39m[2m | [22m
[32mchunk-XNEXAUHB.js[39m  [2m | [22m[2madjustments-page-component[22m      [2m | [22m [36m10.54 kB[39m[2m | [22m
[32mchunk-OYAMFDYZ.js[39m  [2m | [22m[2minventory-reports-page-component[22m[2m | [22m  [36m9.88 kB[39m[2m | [22m
[2m...and 16 more lazy chunks files. Use "--verbose" to show all the files.[22m

Application bundle generation complete. [0.753 seconds]

Component update sent to client(s).
[33m>[39m Changes detected. Rebuilding...
[32m√[39m Changes detected. Rebuilding...
[1mInitial chunk files[22m[2m | [22m[1mNames[22m                           [2m | [22m [1mRaw size[22m
[32mpolyfills.js[39m       [2m | [22m[2mpolyfills[22m                       [2m | [22m [36m89.77 kB[39m[2m | [22m
[32mstyles.css[39m         [2m | [22m[2mstyles[22m                          [2m | [22m [36m18.71 kB[39m[2m | [22m
[32mmain.js[39m            [2m | [22m[2mmain[22m                            [2m | [22m  [36m6.85 kB[39m[2m | [22m
[32mchunk-4LKHFLCL.js[39m  [2m | [22m[2m-[22m                               [2m | [22m  [36m2.12 kB[39m[2m | [22m
[32mchunk-CZJLB7T5.js[39m  [2m | [22m[2m-[22m                               [2m | [22m  [36m1.08 kB[39m[2m | [22m

[1m [22m                  [2m | [22m[1mInitial total[22m                   [2m | [22m[1m118.52 kB[22m

[1mLazy chunk files[22m   [2m | [22m[1mNames[22m                           [2m | [22m [1mRaw size[22m
[32mchunk-QNNV5UTI.js[39m  [2m | [22m[2mdc-receiving-page-component[22m     [2m | [22m[36m116.14 kB[39m[2m | [22m
[32mchunk-BE6HQBCK.js[39m  [2m | [22m[2mprocurement-page-component[22m      [2m | [22m[36m111.08 kB[39m[2m | [22m
[32mchunk-KMFVG4WC.js[39m  [2m | [22m[2mmain-layout-component[22m           [2m | [22m [36m75.26 kB[39m[2m | [22m
[32mchunk-GA4KPE2E.js[39m  [2m | [22m[2mdispatch-page-component[22m         [2m | [22m [36m73.09 kB[39m[2m | [22m
[32mchunk-AP5ZYBRS.js[39m  [2m | [22m[2mdashboard-page-component[22m        [2m | [22m [36m46.23 kB[39m[2m | [22m
[32mchunk-SF2HQHK2.js[39m  [2m | [22m[2mlogin-component[22m                 [2m | [22m [36m30.48 kB[39m[2m | [22m
[32mchunk-BDDI4V37.js[39m  [2m | [22m[2mupdate-supplier-component[22m       [2m | [22m [36m16.98 kB[39m[2m | [22m
[32mchunk-7TQPLOFV.js[39m  [2m | [22m[2mfilter-supplier-with-cityname[22m   [2m | [22m [36m15.74 kB[39m[2m | [22m
[32mchunk-UHOLOE77.js[39m  [2m | [22m[2m-[22m                               [2m | [22m [36m15.28 kB[39m[2m | [22m
[32mchunk-5LTO63QB.js[39m  [2m | [22m[2mfind-supplier-withid[22m            [2m | [22m [36m13.51 kB[39m[2m | [22m
[32mchunk-OFJ6GT4B.js[39m  [2m | [22m[2madd-supplier[22m                    [2m | [22m [36m13.26 kB[39m[2m | [22m
[32mchunk-H4KSPRNP.js[39m  [2m | [22m[2mtransfers-page-component[22m        [2m | [22m [36m12.10 kB[39m[2m | [22m
[32mchunk-KVNFK434.js[39m  [2m | [22m[2mstock-list-page-component[22m       [2m | [22m [36m11.38 kB[39m[2m | [22m
[32mchunk-XNEXAUHB.js[39m  [2m | [22m[2madjustments-page-component[22m      [2m | [22m [36m10.54 kB[39m[2m | [22m
[32mchunk-OYAMFDYZ.js[39m  [2m | [22m[2minventory-reports-page-component[22m[2m | [22m  [36m9.88 kB[39m[2m | [22m
[2m...and 16 more lazy chunks files. Use "--verbose" to show all the files.[22m

Application bundle generation complete. [0.541 seconds]

[33m>[39m Changes detected. Rebuilding...
[32m√[39m Changes detected. Rebuilding...
[1mInitial chunk files[22m[2m | [22m[1mNames[22m                [2m | [22m[1mRaw size[22m
[32mmain.js[39m            [2m | [22m[2mmain[22m                 [2m | [22m [36m6.85 kB[39m[2m | [22m

[1mLazy chunk files[22m   [2m | [22m[1mNames[22m                [2m | [22m[1mRaw size[22m
[32mchunk-RE5HQFYE.js[39m  [2m | [22m[2mmain-layout-component[22m[2m | [22m[36m75.30 kB[39m[2m | [22m

Application bundle generation complete. [4.420 seconds]

Page reload sent to client(s).
[33m>[39m Changes detected. Rebuilding...
[32m√[39m Changes detected. Rebuilding...
[1mInitial chunk files[22m[2m | [22m[1mNames[22m                           [2m | [22m [1mRaw size[22m
[32mpolyfills.js[39m       [2m | [22m[2mpolyfills[22m                       [2m | [22m [36m89.77 kB[39m[2m | [22m
[32mstyles.css[39m         [2m | [22m[2mstyles[22m                          [2m | [22m [36m18.71 kB[39m[2m | [22m
[32mmain.js[39m            [2m | [22m[2mmain[22m                            [2m | [22m  [36m6.85 kB[39m[2m | [22m
[32mchunk-4LKHFLCL.js[39m  [2m | [22m[2m-[22m                               [2m | [22m  [36m2.12 kB[39m[2m | [22m
[32mchunk-CZJLB7T5.js[39m  [2m | [22m[2m-[22m                               [2m | [22m  [36m1.08 kB[39m[2m | [22m

[1m [22m                  [2m | [22m[1mInitial total[22m                   [2m | [22m[1m118.52 kB[22m

[1mLazy chunk files[22m   [2m | [22m[1mNames[22m                           [2m | [22m [1mRaw size[22m
[32mchunk-QNNV5UTI.js[39m  [2m | [22m[2mdc-receiving-page-component[22m     [2m | [22m[36m116.14 kB[39m[2m | [22m
[32mchunk-BE6HQBCK.js[39m  [2m | [22m[2mprocurement-page-component[22m      [2m | [22m[36m111.08 kB[39m[2m | [22m
[32mchunk-RE5HQFYE.js[39m  [2m | [22m[2mmain-layout-component[22m           [2m | [22m [36m75.30 kB[39m[2m | [22m
[32mchunk-GA4KPE2E.js[39m  [2m | [22m[2mdispatch-page-component[22m         [2m | [22m [36m73.09 kB[39m[2m | [22m
[32mchunk-AP5ZYBRS.js[39m  [2m | [22m[2mdashboard-page-component[22m        [2m | [22m [36m46.23 kB[39m[2m | [22m
[32mchunk-SF2HQHK2.js[39m  [2m | [22m[2mlogin-component[22m                 [2m | [22m [36m30.48 kB[39m[2m | [22m
[32mchunk-BDDI4V37.js[39m  [2m | [22m[2mupdate-supplier-component[22m       [2m | [22m [36m16.98 kB[39m[2m | [22m
[32mchunk-7TQPLOFV.js[39m  [2m | [22m[2mfilter-supplier-with-cityname[22m   [2m | [22m [36m15.74 kB[39m[2m | [22m
[32mchunk-UHOLOE77.js[39m  [2m | [22m[2m-[22m                               [2m | [22m [36m15.28 kB[39m[2m | [22m
[32mchunk-5LTO63QB.js[39m  [2m | [22m[2mfind-supplier-withid[22m            [2m | [22m [36m13.51 kB[39m[2m | [22m
[32mchunk-OFJ6GT4B.js[39m  [2m | [22m[2madd-supplier[22m                    [2m | [22m [36m13.26 kB[39m[2m | [22m
[32mchunk-H4KSPRNP.js[39m  [2m | [22m[2mtransfers-page-component[22m        [2m | [22m [36m12.10 kB[39m[2m | [22m
[32mchunk-KVNFK434.js[39m  [2m | [22m[2mstock-list-page-component[22m       [2m | [22m [36m11.38 kB[39m[2m | [22m
[32mchunk-XNEXAUHB.js[39m  [2m | [22m[2madjustments-page-component[22m      [2m | [22m [36m10.54 kB[39m[2m | [22m
[32mchunk-OYAMFDYZ.js[39m  [2m | [22m[2minventory-reports-page-component[22m[2m | [22m  [36m9.88 kB[39m[2m | [22m
[2m...and 16 more lazy chunks files. Use "--verbose" to show all the files.[22m

Application bundle generation complete. [0.762 seconds]

Component update sent to client(s).
[33m>[39m Changes detected. Rebuilding...
[32m√[39m Changes detected. Rebuilding...
[1mInitial chunk files[22m[2m | [22m[1mNames[22m           [2m | [22m[1mRaw size[22m
[32mmain.js[39m            [2m | [22m[2mmain[22m            [2m | [22m [36m6.85 kB[39m[2m | [22m

[1mLazy chunk files[22m   [2m | [22m[1mNames[22m           [2m | [22m[1mRaw size[22m
[32mchunk-VBRL6MH7.js[39m  [2m | [22m[2mfind-allsupplier[22m[2m | [22m [36m9.65 kB[39m[2m | [22m

Application bundle generation complete. [0.690 seconds]

Page reload sent to client(s).
[33m>[39m Changes detected. Rebuilding...
[32m√[39m Changes detected. Rebuilding...
[1mInitial chunk files[22m[2m | [22m[1mNames[22m                           [2m | [22m [1mRaw size[22m
[32mpolyfills.js[39m       [2m | [22m[2mpolyfills[22m                       [2m | [22m [36m89.77 kB[39m[2m | [22m
[32mstyles.css[39m         [2m | [22m[2mstyles[22m                          [2m | [22m [36m18.71 kB[39m[2m | [22m
[32mmain.js[39m            [2m | [22m[2mmain[22m                            [2m | [22m  [36m6.85 kB[39m[2m | [22m
[32mchunk-4LKHFLCL.js[39m  [2m | [22m[2m-[22m                               [2m | [22m  [36m2.12 kB[39m[2m | [22m
[32mchunk-CZJLB7T5.js[39m  [2m | [22m[2m-[22m                               [2m | [22m  [36m1.08 kB[39m[2m | [22m

[1m [22m                  [2m | [22m[1mInitial total[22m                   [2m | [22m[1m118.52 kB[22m

[1mLazy chunk files[22m   [2m | [22m[1mNames[22m                           [2m | [22m [1mRaw size[22m
[32mchunk-QNNV5UTI.js[39m  [2m | [22m[2mdc-receiving-page-component[22m     [2m | [22m[36m116.14 kB[39m[2m | [22m
[32mchunk-BE6HQBCK.js[39m  [2m | [22m[2mprocurement-page-component[22m      [2m | [22m[36m111.08 kB[39m[2m | [22m
[32mchunk-RE5HQFYE.js[39m  [2m | [22m[2mmain-layout-component[22m           [2m | [22m [36m75.30 kB[39m[2m | [22m
[32mchunk-GA4KPE2E.js[39m  [2m | [22m[2mdispatch-page-component[22m         [2m | [22m [36m73.09 kB[39m[2m | [22m
[32mchunk-AP5ZYBRS.js[39m  [2m | [22m[2mdashboard-page-component[22m        [2m | [22m [36m46.23 kB[39m[2m | [22m
[32mchunk-SF2HQHK2.js[39m  [2m | [22m[2mlogin-component[22m                 [2m | [22m [36m30.48 kB[39m[2m | [22m
[32mchunk-BDDI4V37.js[39m  [2m | [22m[2mupdate-supplier-component[22m       [2m | [22m [36m16.98 kB[39m[2m | [22m
[32mchunk-7TQPLOFV.js[39m  [2m | [22m[2mfilter-supplier-with-cityname[22m   [2m | [22m [36m15.74 kB[39m[2m | [22m
[32mchunk-UHOLOE77.js[39m  [2m | [22m[2m-[22m                               [2m | [22m [36m15.28 kB[39m[2m | [22m
[32mchunk-5LTO63QB.js[39m  [2m | [22m[2mfind-supplier-withid[22m            [2m | [22m [36m13.51 kB[39m[2m | [22m
[32mchunk-OFJ6GT4B.js[39m  [2m | [22m[2madd-supplier[22m                    [2m | [22m [36m13.26 kB[39m[2m | [22m
[32mchunk-H4KSPRNP.js[39m  [2m | [22m[2mtransfers-page-component[22m        [2m | [22m [36m12.10 kB[39m[2m | [22m
[32mchunk-KVNFK434.js[39m  [2m | [22m[2mstock-list-page-component[22m       [2m | [22m [36m11.38 kB[39m[2m | [22m
[32mchunk-XNEXAUHB.js[39m  [2m | [22m[2madjustments-page-component[22m      [2m | [22m [36m10.54 kB[39m[2m | [22m
[32mchunk-OYAMFDYZ.js[39m  [2m | [22m[2minventory-reports-page-component[22m[2m | [22m  [36m9.88 kB[39m[2m | [22m
[2m...and 16 more lazy chunks files. Use "--verbose" to show all the files.[22m

Application bundle generation complete. [0.564 seconds]

Component update sent to client(s).
